
> continental-grand-tech@0.0.0 build
> vite build

[36mvite v7.3.1 [32mbuilding client environment for production...[36m[39m
transforming...
[32mΓ£ô[39m 2165 modules transformed.
node.exe : [31mΓ£ù[39m Build failed in 10.33s
At line:1 char:1
+ & "C:\Program Files\nodejs/node.exe" "C:\Program Files\nodejs/node_mo ...
+ ~~~~~~~~~~~~~~~~~~~~~~~~~~~~~~~~~~~~~~~~~~~~~~~~~~~~~~~~~~~~~~~~~~~~~
    + CategoryInfo          : NotSpecified: ([31mΓ£ù[39m Build failed in 10.33s:String) [], RemoteException
    + FullyQualifiedErrorId : NativeCommandError
 
[31merror during build:
[31msrc/components/Hero.tsx (4:9): "Spotlight" is not exported by "src/components/ui/Spotlight.tsx", imported by 
"src/components/Hero.tsx".[31m
file: [36mC:/cgt/src/components/Hero.tsx:4:9[31m
[33m
2: import { motion, Variants } from 'framer-motion';
3: import { ArrowUpRight, BrainCircuit } from 'lucide-react';
4: import { Spotlight } from "@/components/ui/Spotlight";
            ^
5: import { CORE_TECHNOLOGIES } from '@/constants';
[31m
    at getRollupError (file:///C:/cgt/node_modules/rollup/dist/es/shared/parseAst.js:402:41)
    at error (file:///C:/cgt/node_modules/rollup/dist/es/shared/parseAst.js:398:42)
    at Module.error (file:///C:/cgt/node_modules/rollup/dist/es/shared/node-entry.js:17040:16)
    at Module.traceVariable (file:///C:/cgt/node_modules/rollup/dist/es/shared/node-entry.js:17452:29)
    at ModuleScope.findVariable (file:///C:/cgt/node_modules/rollup/dist/es/shared/node-entry.js:15070:39)
    at ReturnValueScope.findVariable (file:///C:/cgt/node_modules/rollup/dist/es/shared/node-entry.js:5673:38)
    at FunctionBodyScope.findVariable (file:///C:/cgt/node_modules/rollup/dist/es/shared/node-entry.js:5673:38)
    at Identifier.bind (file:///C:/cgt/node_modules/rollup/dist/es/shared/node-entry.js:5447:40)
    at CallExpression.bind (file:///C:/cgt/node_modules/rollup/dist/es/shared/node-entry.js:2825:28)
    at CallExpression.bind (file:///C:/cgt/node_modules/rollup/dist/es/shared/node-entry.js:12179:15)[39m
